[2J[01;01H[=3h[2J[01;01H[2J[01;01H[8;056;240t0[2J[01;01H[2J[01;01H[=3h[2J[01;01H[2J[01;01H[8;042;160t0[2J[01;01HBdsDxe: loading Boot0002 "UEFI QEMU DVD-ROM QM00003 " from PciRoot(0x0)/Pci(0x1,0x1)/Ata(Secondary,Master,0x0)
BdsDxe: starting Boot0002 "UEFI QEMU DVD-ROM QM00003 " from PciRoot(0x0)/Pci(0x1,0x1)/Ata(Secondary,Master,0x0)
[2J[01;01H[01;01H[2J[01;01H[01;01H